[native] STALE-FIX PLAN: 60 substeps across 6 classes (out of 270 total planned)
[native] 1/60 ok key=career_advancement::g3_1984_1994 notes=career_advancement::g3_1984_1994: skipping — fingerprint unchanged (090c5761e037f1bcf5ddf9936ad8faa4
[native] 2/60 ok key=career_advancement::g3_1994_2004 notes=career_advancement::g3_1994_2004: skipping — fingerprint unchanged (a2ec8cbef63183b297fdb9f82684f435
[native] 3/60 ok key=career_advancement::g3_2004_2014 notes=career_advancement::g3_2004_2014: skipping — fingerprint unchanged (3f2e7679da0c3f3c8633f61a137be54d
[native] 4/60 ok key=career_advancement::g3_2014_2024 notes=career_advancement::g3_2014_2024: skipping — fingerprint unchanged (950c0820abff91b01bc5c04fdaae0114
[native] 5/60 ok key=career_advancement::g3_2024_2034 notes=career_advancement::g3_2024_2034: skipping — fingerprint unchanged (5700be6055444061fea11cdcdf9e625d
[native] 6/60 ok key=career_advancement::g3_2034_2044 notes=career_advancement::g3_2034_2044: skipping — fingerprint unchanged (1b2eea8980b5360619f0675c1ea8bdac
[native] 7/60 ok key=career_advancement::g3_2044_2054 notes=career_advancement::g3_2044_2054: skipping — fingerprint unchanged (5409288669cae73fcfbae8c28a6a55bb
[native] 8/60 ok key=career_advancement::g3_2054_2064 notes=career_advancement::g3_2054_2064: skipping — fingerprint unchanged (df17c3d991e532835ec6107b470ce727
[native] 9/60 ok key=career_advancement::g3_2064_2074 notes=career_advancement::g3_2064_2074: skipping — fingerprint unchanged (1887a591fb538e52e37791c0cff86e58
[native] 10/60 ok key=career_advancement::g3_2074_2084 notes=career_advancement::g3_2074_2084: skipping — fingerprint unchanged (33b2f50682eed5c14a5277519e408764
[native] 11/60 ok key=chronic_onset::g3_1984_1994 notes=chronic_onset::g3_1984_1994: shape=interval, era_windows=1, peaks_scanned=156, peaks_admitted=36, pe
[native] 12/60 ok key=chronic_onset::g3_1994_2004 notes=chronic_onset::g3_1994_2004: shape=interval, era_windows=1, peaks_scanned=233, peaks_admitted=38, pe
[native] 13/60 ok key=chronic_onset::g3_2004_2014 notes=chronic_onset::g3_2004_2014: shape=interval, era_windows=1, peaks_scanned=213, peaks_admitted=30, pe
[native] 14/60 ok key=chronic_onset::g3_2014_2024 notes=chronic_onset::g3_2014_2024: shape=interval, era_windows=1, peaks_scanned=230, peaks_admitted=30, pe
[native] 15/60 ok key=chronic_onset::g3_2024_2034 notes=chronic_onset::g3_2024_2034: shape=interval, era_windows=1, peaks_scanned=203, peaks_admitted=20, pe
[native] 16/60 ok key=chronic_onset::g3_2034_2044 notes=chronic_onset::g3_2034_2044: shape=interval, era_windows=1, peaks_scanned=217, peaks_admitted=26, pe
[native] 17/60 ok key=chronic_onset::g3_2044_2054 notes=chronic_onset::g3_2044_2054: shape=interval, era_windows=1, peaks_scanned=229, peaks_admitted=39, pe
[native] 18/60 ok key=chronic_onset::g3_2054_2064 notes=chronic_onset::g3_2054_2064: shape=interval, era_windows=1, peaks_scanned=227, peaks_admitted=44, pe
[native] 19/60 ok key=chronic_onset::g3_2064_2074 notes=chronic_onset::g3_2064_2074: shape=interval, era_windows=1, peaks_scanned=229, peaks_admitted=28, pe
[native] 20/60 ok key=chronic_onset::g3_2074_2084 notes=chronic_onset::g3_2074_2084: shape=interval, era_windows=1, peaks_scanned=234, peaks_admitted=28, pe
[native] 21/60 ok key=illness_acute::g3_1984_1994 notes=illness_acute::g3_1984_1994: shape=point, era_windows=1, peaks_scanned=0, peaks_admitted=0, peaks_re
[native] 22/60 ok key=illness_acute::g3_1994_2004 notes=illness_acute::g3_1994_2004: shape=point, era_windows=1, peaks_scanned=0, peaks_admitted=0, peaks_re
[native] 23/60 ok key=illness_acute::g3_2004_2014 notes=illness_acute::g3_2004_2014: shape=point, era_windows=1, peaks_scanned=0, peaks_admitted=0, peaks_re
[native] 24/60 ok key=illness_acute::g3_2014_2024 notes=illness_acute::g3_2014_2024: shape=point, era_windows=1, peaks_scanned=0, peaks_admitted=0, peaks_re
[native] 25/60 ok key=illness_acute::g3_2024_2034 notes=illness_acute::g3_2024_2034: shape=point, era_windows=1, peaks_scanned=0, peaks_admitted=0, peaks_re
[native] 26/60 ok key=illness_acute::g3_2034_2044 notes=illness_acute::g3_2034_2044: shape=point, era_windows=1, peaks_scanned=0, peaks_admitted=0, peaks_re
[native] 27/60 ok key=illness_acute::g3_2044_2054 notes=illness_acute::g3_2044_2054: shape=point, era_windows=1, peaks_scanned=0, peaks_admitted=0, peaks_re
[native] 28/60 ok key=illness_acute::g3_2054_2064 notes=illness_acute::g3_2054_2064: shape=point, era_windows=1, peaks_scanned=0, peaks_admitted=0, peaks_re
[native] 29/60 ok key=illness_acute::g3_2064_2074 notes=illness_acute::g3_2064_2074: shape=point, era_windows=1, peaks_scanned=0, peaks_admitted=0, peaks_re
[native] 30/60 ok key=illness_acute::g3_2074_2084 notes=illness_acute::g3_2074_2084: shape=point, era_windows=1, peaks_scanned=0, peaks_admitted=0, peaks_re
[native] 31/60 ok key=major_gain::g3_1984_1994 notes=major_gain::g3_1984_1994: shape=interval, era_windows=1, peaks_scanned=180, peaks_admitted=22, peaks
[native] 32/60 ok key=major_gain::g3_1994_2004 notes=major_gain::g3_1994_2004: shape=interval, era_windows=1, peaks_scanned=190, peaks_admitted=27, peaks
[native] 33/60 ok key=major_gain::g3_2004_2014 notes=major_gain::g3_2004_2014: shape=interval, era_windows=1, peaks_scanned=187, peaks_admitted=37, peaks
[native] 34/60 ok key=major_gain::g3_2014_2024 notes=major_gain::g3_2014_2024: shape=interval, era_windows=1, peaks_scanned=187, peaks_admitted=42, peaks
[native] 35/60 ok key=major_gain::g3_2024_2034 notes=major_gain::g3_2024_2034: shape=interval, era_windows=1, peaks_scanned=173, peaks_admitted=26, peaks
[native] 36/60 ok key=major_gain::g3_2034_2044 notes=major_gain::g3_2034_2044: shape=interval, era_windows=1, peaks_scanned=186, peaks_admitted=31, peaks
[native] 37/60 ok key=major_gain::g3_2044_2054 notes=major_gain::g3_2044_2054: shape=interval, era_windows=1, peaks_scanned=191, peaks_admitted=28, peaks
[native] 38/60 ok key=major_gain::g3_2054_2064 notes=major_gain::g3_2054_2064: shape=interval, era_windows=1, peaks_scanned=183, peaks_admitted=21, peaks
[native] 39/60 ok key=major_gain::g3_2064_2074 notes=major_gain::g3_2064_2074: shape=interval, era_windows=1, peaks_scanned=186, peaks_admitted=30, peaks
[native] 40/60 ok key=major_gain::g3_2074_2084 notes=major_gain::g3_2074_2084: shape=interval, era_windows=1, peaks_scanned=185, peaks_admitted=35, peaks
[native] 41/60 ok key=marriage::g3_1984_1994 notes=marriage::g3_1984_1994: shape=point, era_windows=1, peaks_scanned=0, peaks_admitted=0, peaks_retaine
[native] 42/60 ok key=marriage::g3_1994_2004 notes=marriage::g3_1994_2004: shape=point, era_windows=1, peaks_scanned=0, peaks_admitted=0, peaks_retaine
[native] 43/60 ok key=marriage::g3_2004_2014 notes=marriage::g3_2004_2014: shape=point, era_windows=1, peaks_scanned=0, peaks_admitted=0, peaks_retaine
[native] 44/60 ok key=marriage::g3_2014_2024 notes=marriage::g3_2014_2024: shape=point, era_windows=1, peaks_scanned=0, peaks_admitted=0, peaks_retaine
[native] 45/60 ok key=marriage::g3_2024_2034 notes=marriage::g3_2024_2034: shape=point, era_windows=1, peaks_scanned=0, peaks_admitted=0, peaks_retaine
[native] 46/60 ok key=marriage::g3_2034_2044 notes=marriage::g3_2034_2044: shape=point, era_windows=1, peaks_scanned=0, peaks_admitted=0, peaks_retaine
[native] 47/60 ok key=marriage::g3_2044_2054 notes=marriage::g3_2044_2054: shape=point, era_windows=1, peaks_scanned=0, peaks_admitted=0, peaks_retaine
[native] 48/60 ok key=marriage::g3_2054_2064 notes=marriage::g3_2054_2064: shape=point, era_windows=1, peaks_scanned=0, peaks_admitted=0, peaks_retaine
[native] 49/60 ok key=marriage::g3_2064_2074 notes=marriage::g3_2064_2074: shape=point, era_windows=1, peaks_scanned=0, peaks_admitted=0, peaks_retaine
[native] 50/60 ok key=marriage::g3_2074_2084 notes=marriage::g3_2074_2084: shape=point, era_windows=1, peaks_scanned=0, peaks_admitted=0, peaks_retaine
[native] 51/60 ok key=surgery::g3_1984_1994 notes=surgery::g3_1984_1994: shape=point, era_windows=1, peaks_scanned=0, peaks_admitted=0, peaks_retained
[native] 52/60 ok key=surgery::g3_1994_2004 notes=surgery::g3_1994_2004: shape=point, era_windows=1, peaks_scanned=0, peaks_admitted=0, peaks_retained
[native] 53/60 ok key=surgery::g3_2004_2014 notes=surgery::g3_2004_2014: shape=point, era_windows=1, peaks_scanned=0, peaks_admitted=0, peaks_retained
[native] 54/60 ok key=surgery::g3_2014_2024 notes=surgery::g3_2014_2024: shape=point, era_windows=1, peaks_scanned=0, peaks_admitted=0, peaks_retained
[native] 55/60 ok key=surgery::g3_2024_2034 notes=surgery::g3_2024_2034: shape=point, era_windows=1, peaks_scanned=0, peaks_admitted=0, peaks_retained
[native] 56/60 ok key=surgery::g3_2034_2044 notes=surgery::g3_2034_2044: shape=point, era_windows=1, peaks_scanned=0, peaks_admitted=0, peaks_retained
[native] 57/60 ok key=surgery::g3_2044_2054 notes=surgery::g3_2044_2054: shape=point, era_windows=1, peaks_scanned=0, peaks_admitted=0, peaks_retained
[native] 58/60 ok key=surgery::g3_2054_2064 notes=surgery::g3_2054_2064: shape=point, era_windows=1, peaks_scanned=0, peaks_admitted=0, peaks_retained
[native] 59/60 ok key=surgery::g3_2064_2074 notes=surgery::g3_2064_2074: shape=point, era_windows=1, peaks_scanned=0, peaks_admitted=0, peaks_retained
[native] 60/60 ok key=surgery::g3_2074_2084 notes=surgery::g3_2074_2084: shape=point, era_windows=1, peaks_scanned=0, peaks_admitted=0, peaks_retained
[native] DONE committed=60/60 ins=170 upd=0 wall=11.4m
